test file
logs
